1 :: Accés a l'apartat INICI el dia 29/01/2026 a l'hora 19:00:05
2 :: Accés a l'apartat INICI el dia 29/01/2026 a l'hora 19:00:06
3 :: Accés a l'apartat INICI el dia 29/01/2026 a l'hora 19:00:08
4 :: Accés a l'apartat INICI el dia 29/01/2026 a l'hora 19:00:10
5 :: Accés a l'apartat CONTACTE el dia 29/01/2026 a l'hora 19:00:10
6 :: Accés a l'apartat INICI el dia 29/01/2026 a l'hora 19:00:11
7 :: Accés a l'apartat REGISTRE el dia 29/01/2026 a l'hora 19:00:11
8 :: Accés a l'apartat CONTACTE el dia 29/01/2026 a l'hora 19:00:12
9 :: Accés a l'apartat REGISTRE el dia 29/01/2026 a l'hora 19:00:12
10 :: Accés a l'apartat INICI el dia 29/01/2026 a l'hora 19:00:13
11 :: Accés a l'apartat CONTACTE el dia 29/01/2026 a l'hora 19:00:13
12 :: Accés a l'apartat REGISTRE el dia 29/01/2026 a l'hora 19:00:15
13 :: Accés a l'apartat REGISTRE el dia 29/01/2026 a l'hora 19:00:22
14 :: Accés a l'apartat REGISTRE el dia 29/01/2026 a l'hora 19:00:22
15 :: Accés a l'apartat REGISTRE el dia 29/01/2026 a l'hora 19:00:22
16 :: Accés a l'apartat REGISTRE el dia 29/01/2026 a l'hora 19:00:22
17 :: Accés a l'apartat REGISTRE el dia 29/01/2026 a l'hora 19:00:22
18 :: Accés a l'apartat REGISTRE el dia 29/01/2026 a l'hora 19:00:23
19 :: Accés a l'apartat APADRINA el dia 29/01/2026 a l'hora 19:00:27
20 :: Accés a l'apartat CONTACTE el dia 29/01/2026 a l'hora 19:00:29
21 :: Accés a l'apartat INICI el dia 06/02/2026 a l'hora 14:00:59
22 :: Accés a l'apartat /PARTIALS/INICI.PARTIAL.PHP el dia 06/02/2026 a l'hora 14:06:38
23 :: Accés a l'apartat /PARTIALS/INICI.PARTIAL.PHP el dia 06/02/2026 a l'hora 14:06:42
24 :: Accés a l'apartat /PARTIALS/INICI.PARTIAL.PHP el dia 06/02/2026 a l'hora 14:06:43
25 :: Accés a l'apartat /PARTIALS/INICI.PARTIAL.PHP el dia 06/02/2026 a l'hora 14:06:43
26 :: Accés a l'apartat /PARTIALS/INICI.PARTIAL.PHP el dia 06/02/2026 a l'hora 14:06:43
27 :: Accés a l'apartat /PARTIALS/INICI.PARTIAL.PHP el dia 06/02/2026 a l'hora 14:06:44
28 :: Accés a l'apartat INICI el dia 06/02/2026 a l'hora 14:07:21
29 :: Accés a l'apartat INICI el dia 06/02/2026 a l'hora 14:07:28
30 :: Accés a l'apartat INICI el dia 06/02/2026 a l'hora 14:08:09
31 :: Accés a l'apartat INICI el dia 06/02/2026 a l'hora 14:08:13
32 :: Accés a l'apartat INICI el dia 06/02/2026 a l'hora 14:08:13
33 :: Accés a l'apartat INICI el dia 06/02/2026 a l'hora 14:08:13
34 :: Accés a l'apartat INICI el dia 06/02/2026 a l'hora 14:08:13
35 :: Accés a l'apartat INICI el dia 06/02/2026 a l'hora 14:08:19
36 :: Accés a l'apartat INICI el dia 06/02/2026 a l'hora 14:08:31
37 :: Accés a l'apartat INICI el dia 06/02/2026 a l'hora 14:11:54
38 :: Accés a l'apartat INICI el dia 06/02/2026 a l'hora 14:13:41
39 :: Accés a l'apartat INICI el dia 06/02/2026 a l'hora 14:16:08
40 :: Accés a l'apartat INICI el dia 06/02/2026 a l'hora 14:16:08
41 :: Accés a l'apartat INICI el dia 06/02/2026 a l'hora 14:16:09
42 :: Accés a l'apartat INICI el dia 06/02/2026 a l'hora 14:16:09
43 :: Accés a l'apartat INICI el dia 06/02/2026 a l'hora 14:16:12
44 :: Accés a l'apartat REGISTRE el dia 06/02/2026 a l'hora 14:16:13
45 :: Accés a l'apartat CONTACTE el dia 06/02/2026 a l'hora 14:16:14
46 :: Accés a l'apartat INICI el dia 06/02/2026 a l'hora 14:16:15
47 :: Accés a l'apartat APADRINA el dia 06/02/2026 a l'hora 14:16:16
48 :: Accés a l'apartat INICI el dia 06/02/2026 a l'hora 14:16:17
49 :: Accés a l'apartat REGISTRE el dia 06/02/2026 a l'hora 14:16:18
50 :: Accés a l'apartat CONTACTE el dia 06/02/2026 a l'hora 14:16:20
51 :: Accés a l'apartat CONTACTE el dia 06/02/2026 a l'hora 14:17:35
52 :: Accés a l'apartat PROCESSA_CONTACTE el dia 06/02/2026 a l'hora 14:17:50
53 :: Accés a l'apartat PROCESSA_CONTACTE el dia 06/02/2026 a l'hora 14:19:11
54 :: Accés a l'apartat INICI el dia 06/02/2026 a l'hora 14:19:18
55 :: Accés a l'apartat CONTACTE el dia 06/02/2026 a l'hora 14:19:19
56 :: Accés a l'apartat CONTACTE el dia 06/02/2026 a l'hora 14:20:14
57 :: Accés a l'apartat PROCESSA_CONTACTE el dia 06/02/2026 a l'hora 14:20:44
58 :: Accés a l'apartat INICI el dia 06/02/2026 a l'hora 14:21:05
59 :: Accés a l'apartat REGISTRE el dia 06/02/2026 a l'hora 14:21:06
60 :: Accés a l'apartat REGISTRE el dia 06/02/2026 a l'hora 14:23:05
61 :: Accés a l'apartat REGISTRE el dia 06/02/2026 a l'hora 14:23:07
62 :: Accés a l'apartat REGISTRE el dia 06/02/2026 a l'hora 14:23:09
63 :: Accés a l'apartat REGISTRE el dia 06/02/2026 a l'hora 14:23:11
64 :: Accés a l'apartat REGISTRE el dia 06/02/2026 a l'hora 14:23:12
65 :: Accés a l'apartat INICI el dia 06/02/2026 a l'hora 14:23:13
66 :: Accés a l'apartat INICI el dia 06/02/2026 a l'hora 15:08:51
67 :: Accés a l'apartat REGISTRE el dia 06/02/2026 a l'hora 15:08:52
68 :: Accés a l'apartat CONTACTE el dia 06/02/2026 a l'hora 15:08:53
69 :: Accés a l'apartat CONTACTE el dia 06/02/2026 a l'hora 15:08:55
70 :: Accés a l'apartat CONTACTE el dia 06/02/2026 a l'hora 15:08:57
71 :: Accés a l'apartat REGISTRE el dia 06/02/2026 a l'hora 15:08:58
72 :: Accés a l'apartat REGISTRE el dia 06/02/2026 a l'hora 15:20:44
73 :: Accés a l'apartat REGISTRE el dia 06/02/2026 a l'hora 15:20:49
74 :: Accés a l'apartat REGISTRE el dia 06/02/2026 a l'hora 15:20:51
75 :: Accés a l'apartat CONTACTE el dia 06/02/2026 a l'hora 15:20:52
76 :: Accés a l'apartat INICI el dia 06/02/2026 a l'hora 15:20:54
77 :: Accés a l'apartat INICI el dia 06/02/2026 a l'hora 15:20:56
78 :: Accés a l'apartat APADRINA el dia 06/02/2026 a l'hora 15:20:56
79 :: Accés a l'apartat APADRINA el dia 06/02/2026 a l'hora 15:20:58
80 :: Accés a l'apartat CONTACTE el dia 06/02/2026 a l'hora 15:20:58
81 :: Accés a l'apartat REGISTRE el dia 06/02/2026 a l'hora 15:20:59
82 :: Accés a l'apartat INICI el dia 06/02/2026 a l'hora 15:20:59
83 :: Accés a l'apartat APADRINA el dia 06/02/2026 a l'hora 15:21:00
84 :: Accés a l'apartat APADRINA el dia 06/02/2026 a l'hora 15:21:01
85 :: Accés a l'apartat APADRINA el dia 06/02/2026 a l'hora 15:21:02
86 :: Accés a l'apartat CONTACTE el dia 06/02/2026 a l'hora 15:21:02
87 :: Accés a l'apartat REGISTRE el dia 06/02/2026 a l'hora 15:21:03
88 :: Accés a l'apartat INICI el dia 06/02/2026 a l'hora 15:21:03
89 :: Accés a l'apartat APADRINA el dia 06/02/2026 a l'hora 15:21:04
90 :: Accés a l'apartat CONTACTE el dia 06/02/2026 a l'hora 15:21:04
91 :: Accés a l'apartat INICI el dia 06/02/2026 a l'hora 15:21:05
92 :: Accés a l'apartat INICI el dia 06/02/2026 a l'hora 15:21:05
93 :: Accés a l'apartat INICI el dia 06/02/2026 a l'hora 15:21:06
94 :: Accés a l'apartat INICI el dia 06/02/2026 a l'hora 15:21:06
95 :: Accés a l'apartat TEST_WEB el dia 04/03/2026 a l'hora 08:49:3796 :: Accés a l'apartat CONTACTE el dia 04/03/2026 a l'hora 08:49:5296 :: Accés a l'apartat REGISTRE el dia 04/03/2026 a l'hora 08:49:5396 :: Accés a l'apartat APADRINA el dia 04/03/2026 a l'hora 08:49:5396 :: Accés a l'apartat ADMIN el dia 04/03/2026 a l'hora 08:49:5496 :: Accés a l'apartat CONTACTE el dia 04/03/2026 a l'hora 08:49:5596 :: Accés a l'apartat REGISTRE el dia 04/03/2026 a l'hora 08:49:5596 :: Accés a l'apartat INICI el dia 04/03/2026 a l'hora 08:49:5596 :: Accés a l'apartat REGISTRE el dia 04/03/2026 a l'hora 08:49:5696 :: Accés a l'apartat INICI el dia 04/03/2026 a l'hora 08:49:5696 :: Accés a l'apartat CONTACTE el dia 04/03/2026 a l'hora 08:49:5796 :: Accés a l'apartat APADRINA el dia 04/03/2026 a l'hora 08:49:5796 :: Accés a l'apartat ADMIN el dia 04/03/2026 a l'hora 08:49:5896 :: Accés a l'apartat APADRINA el dia 04/03/2026 a l'hora 08:49:5896 :: Accés a l'apartat CONTACTE el dia 04/03/2026 a l'hora 08:49:5996 :: Accés a l'apartat REGISTRE el dia 04/03/2026 a l'hora 08:49:5996 :: Accés a l'apartat INICI el dia 04/03/2026 a l'hora 08:50:0096 :: Accés a l'apartat REGISTRE el dia 04/03/2026 a l'hora 08:50:2296 :: Accés a l'apartat INICI el dia 04/03/2026 a l'hora 08:50:2396 :: Accés a l'apartat APADRINA el dia 04/03/2026 a l'hora 08:50:3596 :: Accés a l'apartat APADRINA el dia 04/03/2026 a l'hora 08:50:3596 :: Accés a l'apartat APADRINA el dia 04/03/2026 a l'hora 08:50:3596 :: Accés a l'apartat ADMIN el dia 04/03/2026 a l'hora 08:50:3696 :: Accés a l'apartat REGISTRE el dia 04/03/2026 a l'hora 08:51:12
96 :: Accés a l'apartat INICI el dia 04/03/2026 a l'hora 08:51:13
97 :: Accés a l'apartat REGISTRE el dia 04/03/2026 a l'hora 08:51:22
98 :: Accés a l'apartat CONTACTE el dia 04/03/2026 a l'hora 08:51:22
99 :: Accés a l'apartat APADRINA el dia 04/03/2026 a l'hora 08:51:22
100 :: Accés a l'apartat ADMIN el dia 04/03/2026 a l'hora 09:17:24
101 :: Accés a l'apartat INICI el dia 04/03/2026 a l'hora 09:17:26
102 :: Accés a l'apartat ADMIN el dia 04/03/2026 a l'hora 09:17:28
103 :: Accés a l'apartat INICI el dia 04/03/2026 a l'hora 09:18:26
104 :: Accés a l'apartat ADMIN el dia 04/03/2026 a l'hora 09:18:27
105 :: Accés a l'apartat ADMIN el dia 04/03/2026 a l'hora 09:18:31
106 :: Accés a l'apartat ADMIN el dia 04/03/2026 a l'hora 09:18:32
107 :: Accés a l'apartat ADMIN el dia 04/03/2026 a l'hora 09:18:33
108 :: Accés a l'apartat ADMIN el dia 04/03/2026 a l'hora 09:20:06
109 :: Accés a l'apartat ADMIN el dia 04/03/2026 a l'hora 09:21:30
110 :: Accés a l'apartat ADMIN el dia 04/03/2026 a l'hora 09:21:32
111 :: Accés a l'apartat ADMIN el dia 04/03/2026 a l'hora 09:21:34
112 :: Accés a l'apartat ADMIN el dia 04/03/2026 a l'hora 09:21:36
113 :: Accés a l'apartat ADMIN el dia 04/03/2026 a l'hora 09:22:15
114 :: Accés a l'apartat ADMIN el dia 04/03/2026 a l'hora 09:22:17
115 :: Accés a l'apartat ADMIN el dia 04/03/2026 a l'hora 09:22:19
116 :: Accés a l'apartat ADMIN el dia 04/03/2026 a l'hora 09:22:23
117 :: Accés a l'apartat REGISTRE el dia 04/03/2026 a l'hora 09:22:29
118 :: Accés a l'apartat CONTACTE el dia 04/03/2026 a l'hora 09:22:33
119 :: Accés a l'apartat APADRINA el dia 04/03/2026 a l'hora 09:22:36
120 :: Accés a l'apartat ADMIN el dia 04/03/2026 a l'hora 09:23:57
121 :: Accés a l'apartat ADMIN el dia 04/03/2026 a l'hora 09:24:06
122 :: Accés a l'apartat ADMIN el dia 04/03/2026 a l'hora 09:26:18
123 :: Accés a l'apartat ADMIN el dia 04/03/2026 a l'hora 09:26:18
124 :: Accés a l'apartat ADMIN el dia 04/03/2026 a l'hora 09:26:19
125 :: Accés a l'apartat ADMIN el dia 04/03/2026 a l'hora 09:26:21
126 :: Accés a l'apartat ADMIN el dia 04/03/2026 a l'hora 09:26:27
127 :: Accés a l'apartat ADMIN el dia 04/03/2026 a l'hora 09:28:44
128 :: Accés a l'apartat ADMIN el dia 04/03/2026 a l'hora 09:28:45
129 :: Accés a l'apartat ADMIN el dia 04/03/2026 a l'hora 09:28:45
130 :: Accés a l'apartat ADMIN el dia 04/03/2026 a l'hora 09:29:27
131 :: Accés a l'apartat ADMIN el dia 04/03/2026 a l'hora 09:29:29
132 :: Accés a l'apartat ADMIN el dia 04/03/2026 a l'hora 09:29:39
133 :: Accés a l'apartat ADMIN el dia 04/03/2026 a l'hora 09:29:40
134 :: Accés a l'apartat ADMIN el dia 04/03/2026 a l'hora 09:29:42
135 :: Accés a l'apartat ADMIN el dia 04/03/2026 a l'hora 09:29:44
136 :: Accés a l'apartat REGISTRE el dia 04/03/2026 a l'hora 09:29:46
137 :: Accés a l'apartat CONTACTE el dia 04/03/2026 a l'hora 09:29:47
138 :: Accés a l'apartat APADRINA el dia 04/03/2026 a l'hora 09:29:48
139 :: Accés a l'apartat ADMIN el dia 04/03/2026 a l'hora 09:29:48
140 :: Accés a l'apartat ADMIN el dia 04/03/2026 a l'hora 09:29:50
141 :: Accés a l'apartat ADMIN el dia 04/03/2026 a l'hora 09:29:51
142 :: Accés a l'apartat INICI el dia 04/03/2026 a l'hora 09:30:23
143 :: Accés a l'apartat PROCESSA_LOGIN el dia 04/03/2026 a l'hora 09:30:26
144 :: Accés a l'apartat INICI el dia 04/03/2026 a l'hora 09:30:26
145 :: Accés a l'apartat ADMIN el dia 04/03/2026 a l'hora 09:30:27
146 :: Accés a l'apartat ADMIN el dia 04/03/2026 a l'hora 09:30:28
147 :: Accés a l'apartat ADMIN el dia 04/03/2026 a l'hora 09:32:20
148 :: Accés a l'apartat ADMIN el dia 04/03/2026 a l'hora 09:32:23
149 :: Accés a l'apartat ADMIN el dia 04/03/2026 a l'hora 09:32:49
