1 :: Accés a l'apartat INICI el dia 29/01/2026 a l'hora 19:00:05
2 :: Accés a l'apartat INICI el dia 29/01/2026 a l'hora 19:00:06
3 :: Accés a l'apartat INICI el dia 29/01/2026 a l'hora 19:00:08
4 :: Accés a l'apartat INICI el dia 29/01/2026 a l'hora 19:00:10
5 :: Accés a l'apartat CONTACTE el dia 29/01/2026 a l'hora 19:00:10
6 :: Accés a l'apartat INICI el dia 29/01/2026 a l'hora 19:00:11
7 :: Accés a l'apartat REGISTRE el dia 29/01/2026 a l'hora 19:00:11
8 :: Accés a l'apartat CONTACTE el dia 29/01/2026 a l'hora 19:00:12
9 :: Accés a l'apartat REGISTRE el dia 29/01/2026 a l'hora 19:00:12
10 :: Accés a l'apartat INICI el dia 29/01/2026 a l'hora 19:00:13
11 :: Accés a l'apartat CONTACTE el dia 29/01/2026 a l'hora 19:00:13
12 :: Accés a l'apartat REGISTRE el dia 29/01/2026 a l'hora 19:00:15
13 :: Accés a l'apartat REGISTRE el dia 29/01/2026 a l'hora 19:00:22
14 :: Accés a l'apartat REGISTRE el dia 29/01/2026 a l'hora 19:00:22
15 :: Accés a l'apartat REGISTRE el dia 29/01/2026 a l'hora 19:00:22
16 :: Accés a l'apartat REGISTRE el dia 29/01/2026 a l'hora 19:00:22
17 :: Accés a l'apartat REGISTRE el dia 29/01/2026 a l'hora 19:00:22
18 :: Accés a l'apartat REGISTRE el dia 29/01/2026 a l'hora 19:00:23
19 :: Accés a l'apartat APADRINA el dia 29/01/2026 a l'hora 19:00:27
20 :: Accés a l'apartat CONTACTE el dia 29/01/2026 a l'hora 19:00:29
21 :: Accés a l'apartat INICI el dia 06/02/2026 a l'hora 14:00:59
22 :: Accés a l'apartat /PARTIALS/INICI.PARTIAL.PHP el dia 06/02/2026 a l'hora 14:06:38
23 :: Accés a l'apartat /PARTIALS/INICI.PARTIAL.PHP el dia 06/02/2026 a l'hora 14:06:42
24 :: Accés a l'apartat /PARTIALS/INICI.PARTIAL.PHP el dia 06/02/2026 a l'hora 14:06:43
25 :: Accés a l'apartat /PARTIALS/INICI.PARTIAL.PHP el dia 06/02/2026 a l'hora 14:06:43
26 :: Accés a l'apartat /PARTIALS/INICI.PARTIAL.PHP el dia 06/02/2026 a l'hora 14:06:43
27 :: Accés a l'apartat /PARTIALS/INICI.PARTIAL.PHP el dia 06/02/2026 a l'hora 14:06:44
28 :: Accés a l'apartat INICI el dia 06/02/2026 a l'hora 14:07:21
29 :: Accés a l'apartat INICI el dia 06/02/2026 a l'hora 14:07:28
30 :: Accés a l'apartat INICI el dia 06/02/2026 a l'hora 14:08:09
31 :: Accés a l'apartat INICI el dia 06/02/2026 a l'hora 14:08:13
32 :: Accés a l'apartat INICI el dia 06/02/2026 a l'hora 14:08:13
33 :: Accés a l'apartat INICI el dia 06/02/2026 a l'hora 14:08:13
34 :: Accés a l'apartat INICI el dia 06/02/2026 a l'hora 14:08:13
35 :: Accés a l'apartat INICI el dia 06/02/2026 a l'hora 14:08:19
36 :: Accés a l'apartat INICI el dia 06/02/2026 a l'hora 14:08:31
37 :: Accés a l'apartat INICI el dia 06/02/2026 a l'hora 14:11:54
38 :: Accés a l'apartat INICI el dia 06/02/2026 a l'hora 14:13:41
39 :: Accés a l'apartat INICI el dia 06/02/2026 a l'hora 14:16:08
40 :: Accés a l'apartat INICI el dia 06/02/2026 a l'hora 14:16:08
41 :: Accés a l'apartat INICI el dia 06/02/2026 a l'hora 14:16:09
42 :: Accés a l'apartat INICI el dia 06/02/2026 a l'hora 14:16:09
43 :: Accés a l'apartat INICI el dia 06/02/2026 a l'hora 14:16:12
44 :: Accés a l'apartat REGISTRE el dia 06/02/2026 a l'hora 14:16:13
45 :: Accés a l'apartat CONTACTE el dia 06/02/2026 a l'hora 14:16:14
46 :: Accés a l'apartat INICI el dia 06/02/2026 a l'hora 14:16:15
47 :: Accés a l'apartat APADRINA el dia 06/02/2026 a l'hora 14:16:16
48 :: Accés a l'apartat INICI el dia 06/02/2026 a l'hora 14:16:17
49 :: Accés a l'apartat REGISTRE el dia 06/02/2026 a l'hora 14:16:18
50 :: Accés a l'apartat CONTACTE el dia 06/02/2026 a l'hora 14:16:20
51 :: Accés a l'apartat CONTACTE el dia 06/02/2026 a l'hora 14:17:35
52 :: Accés a l'apartat PROCESSA_CONTACTE el dia 06/02/2026 a l'hora 14:17:50
53 :: Accés a l'apartat PROCESSA_CONTACTE el dia 06/02/2026 a l'hora 14:19:11
54 :: Accés a l'apartat INICI el dia 06/02/2026 a l'hora 14:19:18
55 :: Accés a l'apartat CONTACTE el dia 06/02/2026 a l'hora 14:19:19
56 :: Accés a l'apartat CONTACTE el dia 06/02/2026 a l'hora 14:20:14
57 :: Accés a l'apartat PROCESSA_CONTACTE el dia 06/02/2026 a l'hora 14:20:44
58 :: Accés a l'apartat INICI el dia 06/02/2026 a l'hora 14:21:05
59 :: Accés a l'apartat REGISTRE el dia 06/02/2026 a l'hora 14:21:06
60 :: Accés a l'apartat REGISTRE el dia 06/02/2026 a l'hora 14:23:05
61 :: Accés a l'apartat REGISTRE el dia 06/02/2026 a l'hora 14:23:07
62 :: Accés a l'apartat REGISTRE el dia 06/02/2026 a l'hora 14:23:09
63 :: Accés a l'apartat REGISTRE el dia 06/02/2026 a l'hora 14:23:11
64 :: Accés a l'apartat REGISTRE el dia 06/02/2026 a l'hora 14:23:12
65 :: Accés a l'apartat INICI el dia 06/02/2026 a l'hora 14:23:13
66 :: Accés a l'apartat INICI el dia 06/02/2026 a l'hora 15:08:51
67 :: Accés a l'apartat REGISTRE el dia 06/02/2026 a l'hora 15:08:52
68 :: Accés a l'apartat CONTACTE el dia 06/02/2026 a l'hora 15:08:53
69 :: Accés a l'apartat CONTACTE el dia 06/02/2026 a l'hora 15:08:55
70 :: Accés a l'apartat CONTACTE el dia 06/02/2026 a l'hora 15:08:57
71 :: Accés a l'apartat REGISTRE el dia 06/02/2026 a l'hora 15:08:58
72 :: Accés a l'apartat REGISTRE el dia 06/02/2026 a l'hora 15:20:44
73 :: Accés a l'apartat REGISTRE el dia 06/02/2026 a l'hora 15:20:49
74 :: Accés a l'apartat REGISTRE el dia 06/02/2026 a l'hora 15:20:51
75 :: Accés a l'apartat CONTACTE el dia 06/02/2026 a l'hora 15:20:52
76 :: Accés a l'apartat INICI el dia 06/02/2026 a l'hora 15:20:54
77 :: Accés a l'apartat INICI el dia 06/02/2026 a l'hora 15:20:56
78 :: Accés a l'apartat APADRINA el dia 06/02/2026 a l'hora 15:20:56
79 :: Accés a l'apartat APADRINA el dia 06/02/2026 a l'hora 15:20:58
80 :: Accés a l'apartat CONTACTE el dia 06/02/2026 a l'hora 15:20:58
