1 :: Accés a l'apartat INICI el dia 29/01/2026 a l'hora 19:00:05
2 :: Accés a l'apartat INICI el dia 29/01/2026 a l'hora 19:00:06
3 :: Accés a l'apartat INICI el dia 29/01/2026 a l'hora 19:00:08
4 :: Accés a l'apartat INICI el dia 29/01/2026 a l'hora 19:00:10
5 :: Accés a l'apartat CONTACTE el dia 29/01/2026 a l'hora 19:00:10
6 :: Accés a l'apartat INICI el dia 29/01/2026 a l'hora 19:00:11
7 :: Accés a l'apartat REGISTRE el dia 29/01/2026 a l'hora 19:00:11
8 :: Accés a l'apartat CONTACTE el dia 29/01/2026 a l'hora 19:00:12
9 :: Accés a l'apartat REGISTRE el dia 29/01/2026 a l'hora 19:00:12
10 :: Accés a l'apartat INICI el dia 29/01/2026 a l'hora 19:00:13
11 :: Accés a l'apartat CONTACTE el dia 29/01/2026 a l'hora 19:00:13
12 :: Accés a l'apartat REGISTRE el dia 29/01/2026 a l'hora 19:00:15
13 :: Accés a l'apartat REGISTRE el dia 29/01/2026 a l'hora 19:00:22
14 :: Accés a l'apartat REGISTRE el dia 29/01/2026 a l'hora 19:00:22
15 :: Accés a l'apartat REGISTRE el dia 29/01/2026 a l'hora 19:00:22
16 :: Accés a l'apartat REGISTRE el dia 29/01/2026 a l'hora 19:00:22
17 :: Accés a l'apartat REGISTRE el dia 29/01/2026 a l'hora 19:00:22
18 :: Accés a l'apartat REGISTRE el dia 29/01/2026 a l'hora 19:00:23
19 :: Accés a l'apartat APADRINA el dia 29/01/2026 a l'hora 19:00:27
20 :: Accés a l'apartat CONTACTE el dia 29/01/2026 a l'hora 19:00:29
21 :: Accés a l'apartat INICI el dia 06/02/2026 a l'hora 14:00:59
22 :: Accés a l'apartat /PARTIALS/INICI.PARTIAL.PHP el dia 06/02/2026 a l'hora 14:06:38
23 :: Accés a l'apartat /PARTIALS/INICI.PARTIAL.PHP el dia 06/02/2026 a l'hora 14:06:42
24 :: Accés a l'apartat /PARTIALS/INICI.PARTIAL.PHP el dia 06/02/2026 a l'hora 14:06:43
25 :: Accés a l'apartat /PARTIALS/INICI.PARTIAL.PHP el dia 06/02/2026 a l'hora 14:06:43
26 :: Accés a l'apartat /PARTIALS/INICI.PARTIAL.PHP el dia 06/02/2026 a l'hora 14:06:43
27 :: Accés a l'apartat /PARTIALS/INICI.PARTIAL.PHP el dia 06/02/2026 a l'hora 14:06:44
28 :: Accés a l'apartat INICI el dia 06/02/2026 a l'hora 14:07:21
29 :: Accés a l'apartat INICI el dia 06/02/2026 a l'hora 14:07:28
30 :: Accés a l'apartat INICI el dia 06/02/2026 a l'hora 14:08:09
31 :: Accés a l'apartat INICI el dia 06/02/2026 a l'hora 14:08:13
32 :: Accés a l'apartat INICI el dia 06/02/2026 a l'hora 14:08:13
33 :: Accés a l'apartat INICI el dia 06/02/2026 a l'hora 14:08:13
34 :: Accés a l'apartat INICI el dia 06/02/2026 a l'hora 14:08:13
35 :: Accés a l'apartat INICI el dia 06/02/2026 a l'hora 14:08:19
36 :: Accés a l'apartat INICI el dia 06/02/2026 a l'hora 14:08:31
37 :: Accés a l'apartat INICI el dia 06/02/2026 a l'hora 14:11:54
38 :: Accés a l'apartat INICI el dia 06/02/2026 a l'hora 14:13:41
39 :: Accés a l'apartat INICI el dia 06/02/2026 a l'hora 14:16:08
40 :: Accés a l'apartat INICI el dia 06/02/2026 a l'hora 14:16:08
41 :: Accés a l'apartat INICI el dia 06/02/2026 a l'hora 14:16:09
42 :: Accés a l'apartat INICI el dia 06/02/2026 a l'hora 14:16:09
43 :: Accés a l'apartat INICI el dia 06/02/2026 a l'hora 14:16:12
44 :: Accés a l'apartat REGISTRE el dia 06/02/2026 a l'hora 14:16:13
45 :: Accés a l'apartat CONTACTE el dia 06/02/2026 a l'hora 14:16:14
46 :: Accés a l'apartat INICI el dia 06/02/2026 a l'hora 14:16:15
47 :: Accés a l'apartat APADRINA el dia 06/02/2026 a l'hora 14:16:16
48 :: Accés a l'apartat INICI el dia 06/02/2026 a l'hora 14:16:17
49 :: Accés a l'apartat REGISTRE el dia 06/02/2026 a l'hora 14:16:18
50 :: Accés a l'apartat CONTACTE el dia 06/02/2026 a l'hora 14:16:20
51 :: Accés a l'apartat CONTACTE el dia 06/02/2026 a l'hora 14:17:35
52 :: Accés a l'apartat PROCESSA_CONTACTE el dia 06/02/2026 a l'hora 14:17:50
53 :: Accés a l'apartat PROCESSA_CONTACTE el dia 06/02/2026 a l'hora 14:19:11
54 :: Accés a l'apartat INICI el dia 06/02/2026 a l'hora 14:19:18
55 :: Accés a l'apartat CONTACTE el dia 06/02/2026 a l'hora 14:19:19
56 :: Accés a l'apartat CONTACTE el dia 06/02/2026 a l'hora 14:20:14
57 :: Accés a l'apartat PROCESSA_CONTACTE el dia 06/02/2026 a l'hora 14:20:44
58 :: Accés a l'apartat INICI el dia 06/02/2026 a l'hora 14:21:05
59 :: Accés a l'apartat REGISTRE el dia 06/02/2026 a l'hora 14:21:06
60 :: Accés a l'apartat REGISTRE el dia 06/02/2026 a l'hora 14:23:05
61 :: Accés a l'apartat REGISTRE el dia 06/02/2026 a l'hora 14:23:07
62 :: Accés a l'apartat REGISTRE el dia 06/02/2026 a l'hora 14:23:09
63 :: Accés a l'apartat REGISTRE el dia 06/02/2026 a l'hora 14:23:11
64 :: Accés a l'apartat REGISTRE el dia 06/02/2026 a l'hora 14:23:12
65 :: Accés a l'apartat INICI el dia 06/02/2026 a l'hora 14:23:13
66 :: Accés a l'apartat INICI el dia 06/02/2026 a l'hora 15:08:51
67 :: Accés a l'apartat REGISTRE el dia 06/02/2026 a l'hora 15:08:52
68 :: Accés a l'apartat CONTACTE el dia 06/02/2026 a l'hora 15:08:53
69 :: Accés a l'apartat CONTACTE el dia 06/02/2026 a l'hora 15:08:55
70 :: Accés a l'apartat CONTACTE el dia 06/02/2026 a l'hora 15:08:57
71 :: Accés a l'apartat REGISTRE el dia 06/02/2026 a l'hora 15:08:58
72 :: Accés a l'apartat REGISTRE el dia 06/02/2026 a l'hora 15:20:44
73 :: Accés a l'apartat REGISTRE el dia 06/02/2026 a l'hora 15:20:49
74 :: Accés a l'apartat REGISTRE el dia 06/02/2026 a l'hora 15:20:51
75 :: Accés a l'apartat CONTACTE el dia 06/02/2026 a l'hora 15:20:52
76 :: Accés a l'apartat INICI el dia 06/02/2026 a l'hora 15:20:54
77 :: Accés a l'apartat INICI el dia 06/02/2026 a l'hora 15:20:56
78 :: Accés a l'apartat APADRINA el dia 06/02/2026 a l'hora 15:20:56
79 :: Accés a l'apartat APADRINA el dia 06/02/2026 a l'hora 15:20:58
80 :: Accés a l'apartat CONTACTE el dia 06/02/2026 a l'hora 15:20:58
81 :: Accés a l'apartat REGISTRE el dia 06/02/2026 a l'hora 15:20:59
82 :: Accés a l'apartat INICI el dia 06/02/2026 a l'hora 15:20:59
83 :: Accés a l'apartat APADRINA el dia 06/02/2026 a l'hora 15:21:00
84 :: Accés a l'apartat APADRINA el dia 06/02/2026 a l'hora 15:21:01
85 :: Accés a l'apartat APADRINA el dia 06/02/2026 a l'hora 15:21:02
86 :: Accés a l'apartat CONTACTE el dia 06/02/2026 a l'hora 15:21:02
87 :: Accés a l'apartat REGISTRE el dia 06/02/2026 a l'hora 15:21:03
88 :: Accés a l'apartat INICI el dia 06/02/2026 a l'hora 15:21:03
89 :: Accés a l'apartat APADRINA el dia 06/02/2026 a l'hora 15:21:04
90 :: Accés a l'apartat CONTACTE el dia 06/02/2026 a l'hora 15:21:04
91 :: Accés a l'apartat INICI el dia 06/02/2026 a l'hora 15:21:05
92 :: Accés a l'apartat INICI el dia 06/02/2026 a l'hora 15:21:05
93 :: Accés a l'apartat INICI el dia 06/02/2026 a l'hora 15:21:06
94 :: Accés a l'apartat INICI el dia 06/02/2026 a l'hora 15:21:06
95 :: Accés a l'apartat TEST_WEB el dia 04/03/2026 a l'hora 08:49:3796
96 :: Accés a l'apartat INICI el dia 04/03/2026 a l'hora 08:51:13
97 :: Accés a l'apartat REGISTRE el dia 04/03/2026 a l'hora 08:51:22
98 :: Accés a l'apartat CONTACTE el dia 04/03/2026 a l'hora 08:51:22
99 :: Accés a l'apartat APADRINA el dia 04/03/2026 a l'hora 08:51:22
100 :: Accés a l'apartat ADMIN el dia 04/03/2026 a l'hora 09:17:24
101 :: Accés a l'apartat INICI el dia 04/03/2026 a l'hora 09:17:26
102 :: Accés a l'apartat ADMIN el dia 04/03/2026 a l'hora 09:17:28
103 :: Accés a l'apartat INICI el dia 04/03/2026 a l'hora 09:18:26
104 :: Accés a l'apartat ADMIN el dia 04/03/2026 a l'hora 09:18:27
105 :: Accés a l'apartat ADMIN el dia 04/03/2026 a l'hora 09:18:31
106 :: Accés a l'apartat ADMIN el dia 04/03/2026 a l'hora 09:18:32
107 :: Accés a l'apartat ADMIN el dia 04/03/2026 a l'hora 09:18:33
108 :: Accés a l'apartat ADMIN el dia 04/03/2026 a l'hora 09:20:06
109 :: Accés a l'apartat ADMIN el dia 04/03/2026 a l'hora 09:21:30
110 :: Accés a l'apartat ADMIN el dia 04/03/2026 a l'hora 09:21:32
111 :: Accés a l'apartat ADMIN el dia 04/03/2026 a l'hora 09:21:34
112 :: Accés a l'apartat ADMIN el dia 04/03/2026 a l'hora 09:21:36
113 :: Accés a l'apartat ADMIN el dia 04/03/2026 a l'hora 09:22:15
114 :: Accés a l'apartat ADMIN el dia 04/03/2026 a l'hora 09:22:17
115 :: Accés a l'apartat ADMIN el dia 04/03/2026 a l'hora 09:22:19
116 :: Accés a l'apartat ADMIN el dia 04/03/2026 a l'hora 09:22:23
117 :: Accés a l'apartat REGISTRE el dia 04/03/2026 a l'hora 09:22:29
118 :: Accés a l'apartat CONTACTE el dia 04/03/2026 a l'hora 09:22:33
119 :: Accés a l'apartat APADRINA el dia 04/03/2026 a l'hora 09:22:36
120 :: Accés a l'apartat ADMIN el dia 04/03/2026 a l'hora 09:23:57
121 :: Accés a l'apartat ADMIN el dia 04/03/2026 a l'hora 09:24:06
122 :: Accés a l'apartat ADMIN el dia 04/03/2026 a l'hora 09:26:18
123 :: Accés a l'apartat ADMIN el dia 04/03/2026 a l'hora 09:26:18
124 :: Accés a l'apartat ADMIN el dia 04/03/2026 a l'hora 09:26:19
125 :: Accés a l'apartat ADMIN el dia 04/03/2026 a l'hora 09:26:21
126 :: Accés a l'apartat ADMIN el dia 04/03/2026 a l'hora 09:26:27
127 :: Accés a l'apartat ADMIN el dia 04/03/2026 a l'hora 09:28:44
128 :: Accés a l'apartat ADMIN el dia 04/03/2026 a l'hora 09:28:45
129 :: Accés a l'apartat ADMIN el dia 04/03/2026 a l'hora 09:28:45
130 :: Accés a l'apartat ADMIN el dia 04/03/2026 a l'hora 09:29:27
131 :: Accés a l'apartat ADMIN el dia 04/03/2026 a l'hora 09:29:29
132 :: Accés a l'apartat ADMIN el dia 04/03/2026 a l'hora 09:29:39
133 :: Accés a l'apartat ADMIN el dia 04/03/2026 a l'hora 09:29:40
134 :: Accés a l'apartat ADMIN el dia 04/03/2026 a l'hora 09:29:42
135 :: Accés a l'apartat ADMIN el dia 04/03/2026 a l'hora 09:29:44
136 :: Accés a l'apartat REGISTRE el dia 04/03/2026 a l'hora 09:29:46
137 :: Accés a l'apartat CONTACTE el dia 04/03/2026 a l'hora 09:29:47
138 :: Accés a l'apartat APADRINA el dia 04/03/2026 a l'hora 09:29:48
139 :: Accés a l'apartat ADMIN el dia 04/03/2026 a l'hora 09:29:48
140 :: Accés a l'apartat ADMIN el dia 04/03/2026 a l'hora 09:29:50
141 :: Accés a l'apartat ADMIN el dia 04/03/2026 a l'hora 09:29:51
142 :: Accés a l'apartat INICI el dia 04/03/2026 a l'hora 09:30:23
143 :: Accés a l'apartat PROCESSA_LOGIN el dia 04/03/2026 a l'hora 09:30:26
144 :: Accés a l'apartat INICI el dia 04/03/2026 a l'hora 09:30:26
145 :: Accés a l'apartat ADMIN el dia 04/03/2026 a l'hora 09:30:27
146 :: Accés a l'apartat ADMIN el dia 04/03/2026 a l'hora 09:30:28
147 :: Accés a l'apartat ADMIN el dia 04/03/2026 a l'hora 09:32:20
148 :: Accés a l'apartat ADMIN el dia 04/03/2026 a l'hora 09:32:23
149 :: Accés a l'apartat ADMIN el dia 04/03/2026 a l'hora 09:32:49
150 :: Accés a l'apartat ADMIN el dia 04/03/2026 a l'hora 09:33:00
151 :: Accés a l'apartat ADMIN el dia 04/03/2026 a l'hora 09:33:04
152 :: Accés a l'apartat ADMIN el dia 04/03/2026 a l'hora 09:33:05
153 :: Accés a l'apartat ADMIN el dia 04/03/2026 a l'hora 09:33:07
154 :: Accés a l'apartat ADMIN el dia 04/03/2026 a l'hora 09:33:09
155 :: Accés a l'apartat ADMIN el dia 04/03/2026 a l'hora 09:33:50
156 :: Accés a l'apartat ADMIN el dia 04/03/2026 a l'hora 09:33:51
157 :: Accés a l'apartat ADMIN el dia 04/03/2026 a l'hora 09:33:53
158 :: Accés a l'apartat ADMIN el dia 04/03/2026 a l'hora 09:35:00
159 :: Accés a l'apartat CONTACTE el dia 04/03/2026 a l'hora 09:35:05
160 :: Accés a l'apartat REGISTRE el dia 04/03/2026 a l'hora 09:35:07
161 :: Accés a l'apartat INICI el dia 04/03/2026 a l'hora 09:35:08
162 :: Accés a l'apartat REGISTRE el dia 04/03/2026 a l'hora 09:35:09
163 :: Accés a l'apartat CONTACTE el dia 04/03/2026 a l'hora 09:35:09
164 :: Accés a l'apartat APADRINA el dia 04/03/2026 a l'hora 09:35:10
165 :: Accés a l'apartat CONTACTE el dia 04/03/2026 a l'hora 09:35:11
166 :: Accés a l'apartat REGISTRE el dia 04/03/2026 a l'hora 09:35:11
167 :: Accés a l'apartat ADMIN el dia 04/03/2026 a l'hora 09:35:12
168 :: Accés a l'apartat ADMIN el dia 04/03/2026 a l'hora 09:36:06
169 :: Accés a l'apartat ADMIN el dia 04/03/2026 a l'hora 09:36:12
170 :: Accés a l'apartat REGISTRE el dia 04/03/2026 a l'hora 09:36:15
171 :: Accés a l'apartat CONTACTE el dia 04/03/2026 a l'hora 09:36:15
172 :: Accés a l'apartat APADRINA el dia 04/03/2026 a l'hora 09:36:16
173 :: Accés a l'apartat ADMIN el dia 04/03/2026 a l'hora 09:36:16
174 :: Accés a l'apartat CONTACTE el dia 04/03/2026 a l'hora 09:36:17
175 :: Accés a l'apartat REGISTRE el dia 04/03/2026 a l'hora 09:36:18
176 :: Accés a l'apartat ADMIN el dia 04/03/2026 a l'hora 09:37:02
177 :: Accés a l'apartat ADMIN el dia 04/03/2026 a l'hora 09:37:03
178 :: Accés a l'apartat ADMIN el dia 04/03/2026 a l'hora 09:40:52
179 :: Accés a l'apartat APADRINA el dia 04/03/2026 a l'hora 09:40:53
180 :: Accés a l'apartat ADMIN el dia 04/03/2026 a l'hora 09:40:54
181 :: Accés a l'apartat ADMIN el dia 04/03/2026 a l'hora 09:41:40
182 :: Accés a l'apartat ADMIN el dia 04/03/2026 a l'hora 09:41:43
183 :: Accés a l'apartat ADMIN el dia 04/03/2026 a l'hora 09:42:20
184 :: Accés a l'apartat ADMIN el dia 04/03/2026 a l'hora 09:42:28
185 :: Accés a l'apartat ADMIN el dia 04/03/2026 a l'hora 09:43:36
186 :: Accés a l'apartat ADMIN el dia 04/03/2026 a l'hora 09:43:55
187 :: Accés a l'apartat ADMIN el dia 04/03/2026 a l'hora 09:44:14
188 :: Accés a l'apartat ADMIN el dia 04/03/2026 a l'hora 09:44:21
189 :: Accés a l'apartat ADMIN el dia 04/03/2026 a l'hora 09:44:24
190 :: Accés a l'apartat ADMIN el dia 04/03/2026 a l'hora 09:45:26
191 :: Accés a l'apartat ADMIN el dia 04/03/2026 a l'hora 09:46:17
192 :: Accés a l'apartat ADMIN el dia 04/03/2026 a l'hora 09:46:19
193 :: Accés a l'apartat ADMIN el dia 04/03/2026 a l'hora 09:46:20
194 :: Accés a l'apartat ADMIN el dia 04/03/2026 a l'hora 09:46:48
195 :: Accés a l'apartat ADMIN el dia 04/03/2026 a l'hora 09:46:50
196 :: Accés a l'apartat ADMIN el dia 04/03/2026 a l'hora 09:46:51
197 :: Accés a l'apartat ADMIN el dia 04/03/2026 a l'hora 09:47:27
198 :: Accés a l'apartat ADMIN el dia 04/03/2026 a l'hora 09:47:29
199 :: Accés a l'apartat ADMIN el dia 04/03/2026 a l'hora 09:47:32
200 :: Accés a l'apartat ADMIN el dia 04/03/2026 a l'hora 09:47:47
201 :: Accés a l'apartat ADMIN el dia 04/03/2026 a l'hora 09:47:49
202 :: Accés a l'apartat ADMIN el dia 04/03/2026 a l'hora 09:47:49
203 :: Accés a l'apartat ADMIN el dia 04/03/2026 a l'hora 09:47:50
204 :: Accés a l'apartat ADMIN el dia 04/03/2026 a l'hora 09:47:52
205 :: Accés a l'apartat ADMIN el dia 04/03/2026 a l'hora 09:47:53
206 :: Accés a l'apartat INICI el dia 04/03/2026 a l'hora 09:47:57
207 :: Accés a l'apartat ADMIN el dia 04/03/2026 a l'hora 09:47:58
208 :: Accés a l'apartat ADMIN el dia 04/03/2026 a l'hora 09:48:00
209 :: Accés a l'apartat ADMIN el dia 04/03/2026 a l'hora 09:48:47
210 :: Accés a l'apartat ADMIN el dia 04/03/2026 a l'hora 09:48:47
211 :: Accés a l'apartat ADMIN el dia 04/03/2026 a l'hora 09:48:47
212 :: Accés a l'apartat REGISTRE el dia 04/03/2026 a l'hora 09:49:03
213 :: Accés a l'apartat PROCESSA_REGISTRE el dia 04/03/2026 a l'hora 09:49:28
214 :: Accés a l'apartat REGISTRE el dia 04/03/2026 a l'hora 09:49:28
215 :: Accés a l'apartat PROCESSA_REGISTRE el dia 04/03/2026 a l'hora 09:49:51
216 :: Accés a l'apartat ADMIN el dia 04/03/2026 a l'hora 09:49:55
217 :: Accés a l'apartat ADMIN el dia 04/03/2026 a l'hora 09:49:58
218 :: Accés a l'apartat ADMIN el dia 04/03/2026 a l'hora 09:51:33
219 :: Accés a l'apartat ADMIN el dia 04/03/2026 a l'hora 09:51:34
220 :: Accés a l'apartat ADMIN el dia 04/03/2026 a l'hora 09:51:34
221 :: Accés a l'apartat ADMIN el dia 04/03/2026 a l'hora 09:51:35
222 :: Accés a l'apartat ADMIN el dia 04/03/2026 a l'hora 09:51:46
223 :: Accés a l'apartat ADMIN el dia 04/03/2026 a l'hora 09:51:53
224 :: Accés a l'apartat ADMIN el dia 04/03/2026 a l'hora 09:53:55
225 :: Accés a l'apartat ADMIN el dia 04/03/2026 a l'hora 09:55:04
226 :: Accés a l'apartat ADMIN el dia 04/03/2026 a l'hora 09:55:07
227 :: Accés a l'apartat INICI el dia 04/03/2026 a l'hora 09:55:12
228 :: Accés a l'apartat ADMIN el dia 04/03/2026 a l'hora 09:55:13
229 :: Accés a l'apartat ADMIN el dia 04/03/2026 a l'hora 09:55:35
230 :: Accés a l'apartat ADMIN el dia 04/03/2026 a l'hora 09:56:05
231 :: Accés a l'apartat ADMIN el dia 04/03/2026 a l'hora 09:57:10
232 :: Accés a l'apartat ADMIN el dia 04/03/2026 a l'hora 09:57:11
233 :: Accés a l'apartat ADMIN el dia 04/03/2026 a l'hora 09:59:41
234 :: Accés a l'apartat ADMIN el dia 04/03/2026 a l'hora 10:00:14
235 :: Accés a l'apartat ADMIN el dia 04/03/2026 a l'hora 10:00:30
236 :: Accés a l'apartat ADMIN el dia 04/03/2026 a l'hora 10:02:35
237 :: Accés a l'apartat ADMIN el dia 04/03/2026 a l'hora 10:02:49
238 :: Accés a l'apartat ADMIN el dia 04/03/2026 a l'hora 10:03:05
239 :: Accés a l'apartat ADMIN el dia 04/03/2026 a l'hora 10:03:39
240 :: Accés a l'apartat ADMIN el dia 04/03/2026 a l'hora 10:03:45
241 :: Accés a l'apartat ADMIN el dia 04/03/2026 a l'hora 10:03:48
242 :: Accés a l'apartat ADMIN el dia 04/03/2026 a l'hora 10:04:34
243 :: Accés a l'apartat ADMIN el dia 04/03/2026 a l'hora 10:04:42
244 :: Accés a l'apartat CONTACTE el dia 04/03/2026 a l'hora 10:04:43
245 :: Accés a l'apartat APADRINA el dia 04/03/2026 a l'hora 10:04:44
246 :: Accés a l'apartat ADMIN el dia 04/03/2026 a l'hora 10:04:45
247 :: Accés a l'apartat ADMIN el dia 04/03/2026 a l'hora 10:11:45
248 :: Accés a l'apartat ADMIN el dia 04/03/2026 a l'hora 10:11:50
249 :: Accés a l'apartat ADMIN el dia 04/03/2026 a l'hora 10:12:23
250 :: Accés a l'apartat ADMIN el dia 04/03/2026 a l'hora 10:12:25
251 :: Accés a l'apartat ADMIN el dia 04/03/2026 a l'hora 10:12:26
252 :: Accés a l'apartat ADMIN el dia 04/03/2026 a l'hora 10:12:29
253 :: Accés a l'apartat ADMIN el dia 04/03/2026 a l'hora 10:12:37
254 :: Accés a l'apartat ADMIN el dia 04/03/2026 a l'hora 10:16:14
255 :: Accés a l'apartat ADMIN el dia 04/03/2026 a l'hora 10:16:33
256 :: Accés a l'apartat ADMIN el dia 04/03/2026 a l'hora 10:16:35
257 :: Accés a l'apartat ADMIN el dia 04/03/2026 a l'hora 10:16:38
258 :: Accés a l'apartat ADMIN el dia 04/03/2026 a l'hora 10:16:41
259 :: Accés a l'apartat ADMIN el dia 04/03/2026 a l'hora 10:20:05
260 :: Accés a l'apartat ADMIN el dia 04/03/2026 a l'hora 10:20:05
261 :: Accés a l'apartat ADMIN el dia 04/03/2026 a l'hora 10:20:07
262 :: Accés a l'apartat ADMIN el dia 04/03/2026 a l'hora 10:20:12
263 :: Accés a l'apartat CONTACTE el dia 04/03/2026 a l'hora 10:20:13
264 :: Accés a l'apartat APADRINA el dia 04/03/2026 a l'hora 10:20:13
265 :: Accés a l'apartat ADMIN el dia 04/03/2026 a l'hora 10:20:14
266 :: Accés a l'apartat ADMIN el dia 04/03/2026 a l'hora 10:20:17
267 :: Accés a l'apartat ADMIN el dia 04/03/2026 a l'hora 10:20:23
268 :: Accés a l'apartat ADMIN el dia 04/03/2026 a l'hora 10:20:24
269 :: Accés a l'apartat ADMIN el dia 04/03/2026 a l'hora 10:20:27
270 :: Accés a l'apartat ADMIN el dia 04/03/2026 a l'hora 10:20:28
271 :: Accés a l'apartat ADMIN el dia 04/03/2026 a l'hora 10:20:30
272 :: Accés a l'apartat ADMIN el dia 04/03/2026 a l'hora 10:21:13
273 :: Accés a l'apartat ADMIN el dia 04/03/2026 a l'hora 10:21:19
274 :: Accés a l'apartat INICI el dia 04/03/2026 a l'hora 10:21:23
275 :: Accés a l'apartat ADMIN el dia 04/03/2026 a l'hora 10:21:24
276 :: Accés a l'apartat ADMIN el dia 04/03/2026 a l'hora 10:21:26
277 :: Accés a l'apartat ADMIN el dia 04/03/2026 a l'hora 10:21:28
278 :: Accés a l'apartat ADMIN el dia 04/03/2026 a l'hora 10:21:29
279 :: Accés a l'apartat ADMIN el dia 04/03/2026 a l'hora 10:21:32
280 :: Accés a l'apartat ADMIN el dia 04/03/2026 a l'hora 10:21:34
281 :: Accés a l'apartat ADMIN el dia 04/03/2026 a l'hora 10:21:54
282 :: Accés a l'apartat ADMIN el dia 04/03/2026 a l'hora 10:21:56
283 :: Accés a l'apartat ADMIN el dia 04/03/2026 a l'hora 10:21:58
284 :: Accés a l'apartat ADMIN el dia 04/03/2026 a l'hora 10:22:01
285 :: Accés a l'apartat ADMIN el dia 04/03/2026 a l'hora 10:22:03
286 :: Accés a l'apartat ADMIN el dia 04/03/2026 a l'hora 10:22:05
287 :: Accés a l'apartat INICI el dia 04/03/2026 a l'hora 10:22:06
288 :: Accés a l'apartat INICI el dia 04/03/2026 a l'hora 10:22:08
289 :: Accés a l'apartat APADRINA el dia 04/03/2026 a l'hora 10:22:09
290 :: Accés a l'apartat PROCESSA_LOGIN el dia 04/03/2026 a l'hora 10:22:11
291 :: Accés a l'apartat INICI el dia 04/03/2026 a l'hora 10:22:11
292 :: Accés a l'apartat ADMIN el dia 04/03/2026 a l'hora 10:22:12
293 :: Accés a l'apartat ADMIN el dia 04/03/2026 a l'hora 10:23:12
294 :: Accés a l'apartat ADMIN el dia 04/03/2026 a l'hora 10:23:19
295 :: Accés a l'apartat ADMIN el dia 04/03/2026 a l'hora 10:23:20
296 :: Accés a l'apartat ADMIN el dia 04/03/2026 a l'hora 10:23:20
297 :: Accés a l'apartat ADMIN el dia 04/03/2026 a l'hora 10:23:21
298 :: Accés a l'apartat ADMIN el dia 04/03/2026 a l'hora 10:23:21
299 :: Accés a l'apartat ADMIN el dia 04/03/2026 a l'hora 10:23:21
300 :: Accés a l'apartat ADMIN el dia 04/03/2026 a l'hora 10:23:21
301 :: Accés a l'apartat ADMIN el dia 04/03/2026 a l'hora 10:23:21
302 :: Accés a l'apartat ADMIN el dia 04/03/2026 a l'hora 10:23:24
303 :: Accés a l'apartat INICI el dia 04/03/2026 a l'hora 10:23:47
304 :: Accés a l'apartat ADMIN el dia 04/03/2026 a l'hora 10:23:49
305 :: Accés a l'apartat ADMIN el dia 04/03/2026 a l'hora 10:23:51
306 :: Accés a l'apartat ADMIN el dia 04/03/2026 a l'hora 10:24:10
307 :: Accés a l'apartat ADMIN el dia 04/03/2026 a l'hora 10:24:16
308 :: Accés a l'apartat APADRINA el dia 04/03/2026 a l'hora 10:24:17
309 :: Accés a l'apartat APADRINA el dia 04/03/2026 a l'hora 10:24:20
310 :: Accés a l'apartat APADRINA el dia 04/03/2026 a l'hora 10:24:22
311 :: Accés a l'apartat APADRINA el dia 04/03/2026 a l'hora 10:24:34
312 :: Accés a l'apartat ADMIN el dia 04/03/2026 a l'hora 10:24:36
313 :: Accés a l'apartat ADMIN el dia 04/03/2026 a l'hora 10:24:38
314 :: Accés a l'apartat ADMIN el dia 04/03/2026 a l'hora 10:24:41
315 :: Accés a l'apartat ADMIN el dia 04/03/2026 a l'hora 10:24:43
316 :: Accés a l'apartat ADMIN el dia 04/03/2026 a l'hora 10:24:47
317 :: Accés a l'apartat ADMIN el dia 04/03/2026 a l'hora 10:24:49
318 :: Accés a l'apartat ADMIN el dia 04/03/2026 a l'hora 10:25:11
319 :: Accés a l'apartat ADMIN el dia 04/03/2026 a l'hora 10:26:01
320 :: Accés a l'apartat ADMIN el dia 04/03/2026 a l'hora 10:26:05
321 :: Accés a l'apartat ADMIN el dia 04/03/2026 a l'hora 10:26:07
322 :: Accés a l'apartat CONTACTE el dia 04/03/2026 a l'hora 10:26:10
323 :: Accés a l'apartat APADRINA el dia 04/03/2026 a l'hora 10:26:11
324 :: Accés a l'apartat ADMIN el dia 04/03/2026 a l'hora 10:26:12
325 :: Accés a l'apartat ADMIN el dia 04/03/2026 a l'hora 10:27:05
326 :: Accés a l'apartat ADMIN el dia 04/03/2026 a l'hora 10:31:19
327 :: Accés a l'apartat ADMIN el dia 04/03/2026 a l'hora 10:31:38
328 :: Accés a l'apartat ADMIN el dia 04/03/2026 a l'hora 10:31:40
329 :: Accés a l'apartat ADMIN el dia 04/03/2026 a l'hora 10:31:40
330 :: Accés a l'apartat ADMIN el dia 04/03/2026 a l'hora 10:31:41
331 :: Accés a l'apartat ADMIN el dia 04/03/2026 a l'hora 10:31:43
332 :: Accés a l'apartat ADMIN el dia 04/03/2026 a l'hora 10:32:32
333 :: Accés a l'apartat ADMIN el dia 04/03/2026 a l'hora 10:32:35
334 :: Accés a l'apartat ADMIN el dia 04/03/2026 a l'hora 10:32:38
335 :: Accés a l'apartat ADMIN el dia 04/03/2026 a l'hora 10:32:43
336 :: Accés a l'apartat ADMIN el dia 04/03/2026 a l'hora 10:32:45
337 :: Accés a l'apartat ADMIN el dia 04/03/2026 a l'hora 10:33:02
338 :: Accés a l'apartat ADMIN el dia 04/03/2026 a l'hora 10:33:05
339 :: Accés a l'apartat ADMIN el dia 04/03/2026 a l'hora 10:33:10
340 :: Accés a l'apartat ADMIN el dia 04/03/2026 a l'hora 10:33:12
341 :: Accés a l'apartat ADMIN el dia 04/03/2026 a l'hora 10:34:42
342 :: Accés a l'apartat ADMIN el dia 04/03/2026 a l'hora 10:34:42
343 :: Accés a l'apartat ADMIN el dia 04/03/2026 a l'hora 10:34:42
344 :: Accés a l'apartat ADMIN el dia 04/03/2026 a l'hora 10:34:43
345 :: Accés a l'apartat ADMIN el dia 04/03/2026 a l'hora 10:34:43
346 :: Accés a l'apartat ADMIN el dia 04/03/2026 a l'hora 10:34:43
347 :: Accés a l'apartat ADMIN el dia 04/03/2026 a l'hora 10:34:43
348 :: Accés a l'apartat ADMIN el dia 04/03/2026 a l'hora 10:34:43
349 :: Accés a l'apartat ADMIN el dia 04/03/2026 a l'hora 10:34:43
350 :: Accés a l'apartat ADMIN el dia 04/03/2026 a l'hora 10:34:44
351 :: Accés a l'apartat ADMIN el dia 04/03/2026 a l'hora 10:34:44
352 :: Accés a l'apartat ADMIN el dia 04/03/2026 a l'hora 10:34:44
353 :: Accés a l'apartat ADMIN el dia 04/03/2026 a l'hora 10:34:44
354 :: Accés a l'apartat ADMIN el dia 04/03/2026 a l'hora 10:34:44
355 :: Accés a l'apartat ADMIN el dia 04/03/2026 a l'hora 10:34:44
356 :: Accés a l'apartat ADMIN el dia 04/03/2026 a l'hora 10:34:45
357 :: Accés a l'apartat ADMIN el dia 04/03/2026 a l'hora 10:34:45
358 :: Accés a l'apartat ADMIN el dia 04/03/2026 a l'hora 10:34:45
359 :: Accés a l'apartat ADMIN el dia 04/03/2026 a l'hora 10:34:49
360 :: Accés a l'apartat ADMIN el dia 04/03/2026 a l'hora 10:34:49
361 :: Accés a l'apartat ADMIN el dia 04/03/2026 a l'hora 10:34:49
362 :: Accés a l'apartat ADMIN el dia 04/03/2026 a l'hora 10:34:52
363 :: Accés a l'apartat ADMIN el dia 04/03/2026 a l'hora 10:34:54
364 :: Accés a l'apartat ADMIN el dia 04/03/2026 a l'hora 10:34:58
365 :: Accés a l'apartat ADMIN el dia 04/03/2026 a l'hora 10:35:00
366 :: Accés a l'apartat ADMIN el dia 04/03/2026 a l'hora 10:35:02
367 :: Accés a l'apartat INICI el dia 04/03/2026 a l'hora 10:35:03
368 :: Accés a l'apartat INICI el dia 04/03/2026 a l'hora 10:35:05
369 :: Accés a l'apartat APADRINA el dia 04/03/2026 a l'hora 10:35:06
370 :: Accés a l'apartat CONTACTE el dia 04/03/2026 a l'hora 10:35:06
371 :: Accés a l'apartat REGISTRE el dia 04/03/2026 a l'hora 10:35:07
372 :: Accés a l'apartat INICI el dia 04/03/2026 a l'hora 10:35:07
373 :: Accés a l'apartat REGISTRE el dia 04/03/2026 a l'hora 10:35:08
374 :: Accés a l'apartat CONTACTE el dia 04/03/2026 a l'hora 10:35:09
375 :: Accés a l'apartat APADRINA el dia 04/03/2026 a l'hora 10:35:09
376 :: Accés a l'apartat PROCESSA_LOGIN el dia 04/03/2026 a l'hora 10:35:16
377 :: Accés a l'apartat INICI el dia 04/03/2026 a l'hora 10:35:16
378 :: Accés a l'apartat ADMIN el dia 04/03/2026 a l'hora 10:35:17
379 :: Accés a l'apartat ADMIN el dia 04/03/2026 a l'hora 10:35:45
380 :: Accés a l'apartat INICI el dia 04/03/2026 a l'hora 10:36:07
381 :: Accés a l'apartat PROCESSA_LOGIN el dia 04/03/2026 a l'hora 10:36:23
382 :: Accés a l'apartat INICI el dia 04/03/2026 a l'hora 10:36:24
383 :: Accés a l'apartat ADMIN el dia 04/03/2026 a l'hora 10:36:25
384 :: Accés a l'apartat ADMIN el dia 04/03/2026 a l'hora 10:36:28
385 :: Accés a l'apartat ADMIN el dia 04/03/2026 a l'hora 10:37:21
386 :: Accés a l'apartat ADMIN el dia 04/03/2026 a l'hora 10:37:24
387 :: Accés a l'apartat ADMIN el dia 04/03/2026 a l'hora 10:37:34
388 :: Accés a l'apartat ADMIN el dia 04/03/2026 a l'hora 10:37:36
389 :: Accés a l'apartat ADMIN el dia 04/03/2026 a l'hora 10:37:40
390 :: Accés a l'apartat ADMIN el dia 04/03/2026 a l'hora 10:37:43
391 :: Accés a l'apartat INICI el dia 04/03/2026 a l'hora 10:37:49
392 :: Accés a l'apartat INICI el dia 04/03/2026 a l'hora 10:37:50
393 :: Accés a l'apartat INICI el dia 04/03/2026 a l'hora 10:37:50
394 :: Accés a l'apartat INICI el dia 04/03/2026 a l'hora 10:37:50
395 :: Accés a l'apartat INICI el dia 04/03/2026 a l'hora 10:37:51
396 :: Accés a l'apartat REGISTRE el dia 04/03/2026 a l'hora 10:38:12
397 :: Accés a l'apartat CONTACTE el dia 04/03/2026 a l'hora 10:38:13
398 :: Accés a l'apartat ADMIN el dia 04/03/2026 a l'hora 10:38:17
399 :: Accés a l'apartat INICI el dia 04/03/2026 a l'hora 10:38:26
400 :: Accés a l'apartat CONTACTE el dia 04/03/2026 a l'hora 10:38:27
401 :: Accés a l'apartat APADRINA el dia 04/03/2026 a l'hora 10:38:29
402 :: Accés a l'apartat INICI el dia 04/03/2026 a l'hora 10:39:37
403 :: Accés a l'apartat ADMIN el dia 23/04/2026 a l'hora 16:47:02
404 :: Accés a l'apartat ADMIN el dia 23/04/2026 a l'hora 16:47:07
405 :: Accés a l'apartat ADMIN el dia 23/04/2026 a l'hora 16:47:10
406 :: Accés a l'apartat ADMIN el dia 23/04/2026 a l'hora 16:47:11
407 :: Accés a l'apartat ADMIN el dia 23/04/2026 a l'hora 16:47:29
408 :: Accés a l'apartat ADMIN el dia 23/04/2026 a l'hora 16:47:32
409 :: Accés a l'apartat ADMIN el dia 23/04/2026 a l'hora 16:47:32
410 :: Accés a l'apartat ADMIN el dia 23/04/2026 a l'hora 16:47:33
411 :: Accés a l'apartat ADMIN el dia 23/04/2026 a l'hora 16:47:43
412 :: Accés a l'apartat ADMIN el dia 23/04/2026 a l'hora 16:47:47
413 :: Accés a l'apartat ADMIN el dia 23/04/2026 a l'hora 16:49:07
414 :: Accés a l'apartat ADMIN el dia 23/04/2026 a l'hora 16:49:09
415 :: Accés a l'apartat ADMIN el dia 23/04/2026 a l'hora 16:49:11
416 :: Accés a l'apartat ADMIN el dia 23/04/2026 a l'hora 16:50:38
417 :: Accés a l'apartat ADMIN el dia 23/04/2026 a l'hora 16:50:39
418 :: Accés a l'apartat ADMIN el dia 23/04/2026 a l'hora 16:50:41
419 :: Accés a l'apartat ADMIN el dia 23/04/2026 a l'hora 16:50:42
420 :: Accés a l'apartat ADMIN el dia 23/04/2026 a l'hora 16:50:52
421 :: Accés a l'apartat ADMIN el dia 23/04/2026 a l'hora 16:50:53
422 :: Accés a l'apartat ADMIN el dia 23/04/2026 a l'hora 16:51:04
423 :: Accés a l'apartat ADMIN el dia 23/04/2026 a l'hora 16:51:05
424 :: Accés a l'apartat ADMIN el dia 23/04/2026 a l'hora 16:51:06
425 :: Accés a l'apartat INICI el dia 23/04/2026 a l'hora 16:51:14
426 :: Accés a l'apartat APADRINA el dia 23/04/2026 a l'hora 16:51:16
427 :: Accés a l'apartat PROCESSA_LOGIN el dia 23/04/2026 a l'hora 16:51:18
428 :: Accés a l'apartat INICI el dia 23/04/2026 a l'hora 16:51:18
429 :: Accés a l'apartat ADMIN el dia 23/04/2026 a l'hora 16:51:19
430 :: Accés a l'apartat ADMIN el dia 23/04/2026 a l'hora 16:51:21
431 :: Accés a l'apartat ADMIN el dia 23/04/2026 a l'hora 16:51:24
432 :: Accés a l'apartat ADMIN el dia 23/04/2026 a l'hora 16:52:21
433 :: Accés a l'apartat ADMIN el dia 23/04/2026 a l'hora 16:52:23
434 :: Accés a l'apartat ADMIN el dia 23/04/2026 a l'hora 16:53:00
435 :: Accés a l'apartat ADMIN el dia 23/04/2026 a l'hora 16:53:19
436 :: Accés a l'apartat ADMIN el dia 23/04/2026 a l'hora 16:54:06
437 :: Accés a l'apartat ADMIN el dia 23/04/2026 a l'hora 16:54:20
438 :: Accés a l'apartat ADMIN el dia 23/04/2026 a l'hora 16:54:22
439 :: Accés a l'apartat INICI el dia 23/04/2026 a l'hora 16:54:31
440 :: Accés a l'apartat INICI el dia 23/04/2026 a l'hora 17:22:28
441 :: Accés a l'apartat PROCESSA_LOGIN el dia 23/04/2026 a l'hora 17:22:33
442 :: Accés a l'apartat INICI el dia 23/04/2026 a l'hora 17:22:34
443 :: Accés a l'apartat APADRINA el dia 23/04/2026 a l'hora 17:22:38
444 :: Accés a l'apartat APADRINA el dia 23/04/2026 a l'hora 17:22:45
445 :: Accés a l'apartat INICI el dia 23/04/2026 a l'hora 17:22:52
446 :: Accés a l'apartat REGISTRE el dia 23/04/2026 a l'hora 17:22:53
447 :: Accés a l'apartat ADMIN el dia 23/04/2026 a l'hora 17:22:55
448 :: Accés a l'apartat ADMIN el dia 23/04/2026 a l'hora 17:22:58
449 :: Accés a l'apartat ADMIN el dia 23/04/2026 a l'hora 17:23:20
450 :: Accés a l'apartat APADRINA el dia 23/04/2026 a l'hora 17:23:34
451 :: Accés a l'apartat CONTACTE el dia 23/04/2026 a l'hora 17:23:35
452 :: Accés a l'apartat REGISTRE el dia 23/04/2026 a l'hora 17:23:36
453 :: Accés a l'apartat ADMIN el dia 23/04/2026 a l'hora 17:23:37
454 :: Accés a l'apartat ADMIN el dia 23/04/2026 a l'hora 17:23:40
455 :: Accés a l'apartat REGISTRE el dia 23/04/2026 a l'hora 17:23:42
456 :: Accés a l'apartat REGISTRE el dia 23/04/2026 a l'hora 17:23:45
457 :: Accés a l'apartat INICI el dia 23/04/2026 a l'hora 17:23:48
458 :: Accés a l'apartat REGISTRE el dia 23/04/2026 a l'hora 17:23:50
459 :: Accés a l'apartat INICI el dia 23/04/2026 a l'hora 17:23:51
460 :: Accés a l'apartat INICI el dia 08/05/2026 a l'hora 09:32:15
461 :: Accés a l'apartat APADRINA el dia 08/05/2026 a l'hora 09:32:57
462 :: Accés a l'apartat PROCESSA_LOGIN el dia 08/05/2026 a l'hora 09:33:02
463 :: Accés a l'apartat INICI el dia 08/05/2026 a l'hora 09:33:03
464 :: Accés a l'apartat APADRINA el dia 08/05/2026 a l'hora 09:33:05
465 :: Accés a l'apartat APADRINA el dia 08/05/2026 a l'hora 09:33:40
466 :: Accés a l'apartat APADRINA el dia 08/05/2026 a l'hora 09:33:45
467 :: Accés a l'apartat APADRINA el dia 08/05/2026 a l'hora 09:33:56
468 :: Accés a l'apartat INICI el dia 08/05/2026 a l'hora 09:43:14
469 :: Accés a l'apartat PROCESSA_LOGIN el dia 08/05/2026 a l'hora 09:43:14
