1 :: Accés a l'apartat INICI el dia 29/01/2026 a l'hora 19:00:05
2 :: Accés a l'apartat INICI el dia 29/01/2026 a l'hora 19:00:06
3 :: Accés a l'apartat INICI el dia 29/01/2026 a l'hora 19:00:08
4 :: Accés a l'apartat INICI el dia 29/01/2026 a l'hora 19:00:10
5 :: Accés a l'apartat CONTACTE el dia 29/01/2026 a l'hora 19:00:10
6 :: Accés a l'apartat INICI el dia 29/01/2026 a l'hora 19:00:11
7 :: Accés a l'apartat REGISTRE el dia 29/01/2026 a l'hora 19:00:11
8 :: Accés a l'apartat CONTACTE el dia 29/01/2026 a l'hora 19:00:12
9 :: Accés a l'apartat REGISTRE el dia 29/01/2026 a l'hora 19:00:12
10 :: Accés a l'apartat INICI el dia 29/01/2026 a l'hora 19:00:13
11 :: Accés a l'apartat CONTACTE el dia 29/01/2026 a l'hora 19:00:13
12 :: Accés a l'apartat REGISTRE el dia 29/01/2026 a l'hora 19:00:15
13 :: Accés a l'apartat REGISTRE el dia 29/01/2026 a l'hora 19:00:22
14 :: Accés a l'apartat REGISTRE el dia 29/01/2026 a l'hora 19:00:22
15 :: Accés a l'apartat REGISTRE el dia 29/01/2026 a l'hora 19:00:22
16 :: Accés a l'apartat REGISTRE el dia 29/01/2026 a l'hora 19:00:22
17 :: Accés a l'apartat REGISTRE el dia 29/01/2026 a l'hora 19:00:22
18 :: Accés a l'apartat REGISTRE el dia 29/01/2026 a l'hora 19:00:23
19 :: Accés a l'apartat APADRINA el dia 29/01/2026 a l'hora 19:00:27
20 :: Accés a l'apartat CONTACTE el dia 29/01/2026 a l'hora 19:00:29
21 :: Accés a l'apartat INICI el dia 06/02/2026 a l'hora 14:00:59
22 :: Accés a l'apartat /PARTIALS/INICI.PARTIAL.PHP el dia 06/02/2026 a l'hora 14:06:38
23 :: Accés a l'apartat /PARTIALS/INICI.PARTIAL.PHP el dia 06/02/2026 a l'hora 14:06:42
24 :: Accés a l'apartat /PARTIALS/INICI.PARTIAL.PHP el dia 06/02/2026 a l'hora 14:06:43
25 :: Accés a l'apartat /PARTIALS/INICI.PARTIAL.PHP el dia 06/02/2026 a l'hora 14:06:43
26 :: Accés a l'apartat /PARTIALS/INICI.PARTIAL.PHP el dia 06/02/2026 a l'hora 14:06:43
27 :: Accés a l'apartat /PARTIALS/INICI.PARTIAL.PHP el dia 06/02/2026 a l'hora 14:06:44
28 :: Accés a l'apartat INICI el dia 06/02/2026 a l'hora 14:07:21
29 :: Accés a l'apartat INICI el dia 06/02/2026 a l'hora 14:07:28
30 :: Accés a l'apartat INICI el dia 06/02/2026 a l'hora 14:08:09
