admin@daw.com, LOGOUT, 04/03/2026, 08:44:23
admin@daw.com, accés correcte, 04/03/2026, 09:47:28
Pauprova@es.es, REGISTRE, 04/03/2026, 09:47:47
admin@daw.com, ELIMINAR USUARI Pauprova@es.es, 04/03/2026, 08:47:50
admin@daw.com, accés correcte, 04/03/2026, 10:30:26
admin@daw.com, ELIMINAR USUARI marc@simarro.org, 04/03/2026, 09:44:21
ariadna@simarro.org, REGISTRE, 04/03/2026, 10:49:51
admin@daw.com, LOGOUT, 04/03/2026, 10:22:06
admin@daw.com, accés correcte, 04/03/2026, 11:22:11
admin@daw.com, LOGOUT, 04/03/2026, 10:35:03
admin@daw.com, accés correcte, 04/03/2026, 11:35:16
admin@daw.com, accés correcte, 04/03/2026, 11:36:24
admin@daw.com, ELIMINAR USUARI saulet123@gpt.es, 23/04/2026, 16:47:29
admin@daw.com, accés correcte, 23/04/2026, 18:51:18
admin@daw.com, LOGOUT, 23/04/2026, 16:54:31
admin@daw.com, accés correcte, 23/04/2026, 19:22:34
admin@daw.com, LOGOUT, 23/04/2026, 17:23:48
admin@daw.com, accés correcte, 08/05/2026, 11:33:03
admin@daw.com, LOGOUT, 08/05/2026, 09:43:14
, accés incorrecte (camps buits), 08/05/2026, 11:43:14
, accés incorrecte (camps buits), 08/05/2026, 11:43:15
, accés incorrecte (camps buits), 08/05/2026, 11:43:16
admin@daw.com, accés incorrecte (contrasenya incorrecta), 08/05/2026, 11:43:22
admin@daw.com, accés incorrecte (contrasenya incorrecta), 08/05/2026, 11:58:52
admin@daw.com, accés correcte, 08/05/2026, 12:48:33
admin@daw.com, accés correcte, 08/05/2026, 12:54:08
admin@daw.com, accés correcte, 08/05/2026, 13:13:27
admin@daw.com, accés correcte, 08/05/2026, 17:57:25
admin@daw.com, accés correcte, 08/06/2026, 16:04:36
admin@daw.com, LOGOUT, 08/06/2026, 14:07:01
admin@daw.com, accés correcte, 08/06/2026, 16:08:35
admin@daw.com, LOGOUT, 08/06/2026, 14:09:00
admin@daw.com, accés correcte, 08/06/2026, 16:09:23
admin@daw.com, APADRINA id=1, 08/06/2026, 16:24:01
admin@daw.com, APADRINA id=2, 08/06/2026, 16:24:14
admin@daw.com, APADRINA id=3, 08/06/2026, 16:25:49
admin@daw.com, APADRINA id=4, 08/06/2026, 16:32:03
